2026-06-18 12:08:05,017 INFO shell.infrastructure.persistence.sql.repositories: Querying current Task by name=e2e_task
2026-06-18 12:08:05,020 INFO shell.infrastructure.persistence.sql.repositories: No current Task found for name=e2e_task
2026-06-18 12:09:53,607 INFO shell.infrastructure.persistence.sql.repositories: Querying current Task by name=e2e_task
2026-06-18 12:09:53,610 INFO shell.infrastructure.persistence.sql.repositories: No current Task found for name=e2e_task
2026-06-18 12:33:52,813 INFO shell.infrastructure.persistence.sql.repositories: Querying current Task by name=e2e_task
2026-06-18 12:33:52,817 INFO shell.infrastructure.persistence.sql.repositories: No current Task found for name=e2e_task
2026-06-18 12:34:16,070 INFO shell.infrastructure.persistence.sql.repositories: Querying current Task by name=e2e_task
2026-06-18 12:34:16,074 INFO shell.infrastructure.persistence.sql.repositories: No current Task found for name=e2e_task
2026-06-18 12:43:37,245 INFO shell.infrastructure.persistence.sql.repositories: Querying current Task by name=e2e_task
2026-06-18 12:43:37,248 INFO shell.infrastructure.persistence.sql.repositories: No current Task found for name=e2e_task
2026-06-18 12:43:37,761 INFO shell.infrastructure.persistence.sql.repositories: Querying current Task by name=sql-task
2026-06-18 12:43:37,764 INFO shell.infrastructure.persistence.sql.repositories: No current Task found for name=sql-task
2026-06-18 12:43:37,772 INFO shell.infrastructure.persistence.sql.repositories: Querying current Task by name=sql-task-v
2026-06-18 12:43:37,773 INFO shell.infrastructure.persistence.sql.repositories: No current Task found for name=sql-task-v
2026-06-18 12:43:37,778 INFO shell.infrastructure.persistence.sql.repositories: Querying current Task by name=sql-task-v
2026-06-18 12:43:37,778 INFO shell.infrastructure.persistence.sql.repositories: TaskExecutionModel found: id=00000000-0000-0000-0000-000000000001 name=sql-task-v is_current=True
2026-06-18 12:43:37,786 INFO shell.infrastructure.persistence.sql.repositories: Querying current Task by name=wf-task
2026-06-18 12:43:37,787 INFO shell.infrastructure.persistence.sql.repositories: No current Task found for name=wf-task
2026-06-18 12:43:37,791 INFO shell.infrastructure.persistence.sql.repositories: Querying current Task by name=wf-task
2026-06-18 12:43:37,792 INFO shell.infrastructure.persistence.sql.repositories: TaskExecutionModel found: id=00000000-0000-0000-0000-000000000001 name=wf-task is_current=True
2026-06-18 12:43:37,798 INFO shell.infrastructure.persistence.sql.repositories: Querying current Task by id=00000000-0000-0000-0000-000000000001
2026-06-18 12:43:37,799 INFO shell.infrastructure.persistence.sql.repositories: TaskExecutionModel found: id=00000000-0000-0000-0000-000000000001 name=wf-task is_current=True
2026-06-18 12:43:37,941 INFO shell.infrastructure.persistence.sql.repositories: Querying current Task by name=atomic-task
2026-06-18 12:43:37,942 INFO shell.infrastructure.persistence.sql.repositories: No current Task found for name=atomic-task
2026-06-18 12:43:37,990 INFO test_stdlib_info: hello world
2026-06-18 12:43:37,990 WARNING test_stdlib_warn: watch out
2026-06-18 12:43:37,991 ERROR test_stdlib_err: boom
2026-06-18 12:43:37,992 DEBUG test_stdlib_dbg: trace
2026-06-18 12:44:40,928 INFO shell.infrastructure.persistence.sql.repositories: Querying current Task by name=e2e_task
2026-06-18 12:44:40,931 INFO shell.infrastructure.persistence.sql.repositories: No current Task found for name=e2e_task
2026-06-18 12:46:16,482 INFO shell.infrastructure.persistence.sql.repositories: Querying current Task by name=e2e_task
2026-06-18 12:46:16,486 INFO shell.infrastructure.persistence.sql.repositories: No current Task found for name=e2e_task
2026-06-18 14:15:48,071 INFO shell.infrastructure.persistence.sql.repositories: Querying current Task by name=e2e_task
2026-06-18 14:15:48,075 INFO shell.infrastructure.persistence.sql.repositories: No current Task found for name=e2e_task
2026-06-18 14:15:48,613 INFO shell.infrastructure.persistence.sql.repositories: Querying current Task by name=sql-task
2026-06-18 14:15:48,616 INFO shell.infrastructure.persistence.sql.repositories: No current Task found for name=sql-task
2026-06-18 14:15:48,624 INFO shell.infrastructure.persistence.sql.repositories: Querying current Task by name=sql-task-v
2026-06-18 14:15:48,625 INFO shell.infrastructure.persistence.sql.repositories: No current Task found for name=sql-task-v
2026-06-18 14:15:48,630 INFO shell.infrastructure.persistence.sql.repositories: Querying current Task by name=sql-task-v
2026-06-18 14:15:48,631 INFO shell.infrastructure.persistence.sql.repositories: TaskExecutionModel found: id=00000000-0000-0000-0000-000000000001 name=sql-task-v is_current=True
2026-06-18 14:15:48,640 INFO shell.infrastructure.persistence.sql.repositories: Querying current Task by name=wf-task
2026-06-18 14:15:48,641 INFO shell.infrastructure.persistence.sql.repositories: No current Task found for name=wf-task
2026-06-18 14:15:48,646 INFO shell.infrastructure.persistence.sql.repositories: Querying current Task by name=wf-task
2026-06-18 14:15:48,647 INFO shell.infrastructure.persistence.sql.repositories: TaskExecutionModel found: id=00000000-0000-0000-0000-000000000001 name=wf-task is_current=True
2026-06-18 14:15:48,653 INFO shell.infrastructure.persistence.sql.repositories: Querying current Task by id=00000000-0000-0000-0000-000000000001
2026-06-18 14:15:48,654 INFO shell.infrastructure.persistence.sql.repositories: TaskExecutionModel found: id=00000000-0000-0000-0000-000000000001 name=wf-task is_current=True
2026-06-18 14:15:48,808 INFO shell.infrastructure.persistence.sql.repositories: Querying current Task by name=atomic-task
2026-06-18 14:15:48,808 INFO shell.infrastructure.persistence.sql.repositories: No current Task found for name=atomic-task
2026-06-18 14:15:48,858 INFO test_stdlib_info: hello world
2026-06-18 14:15:48,859 WARNING test_stdlib_warn: watch out
2026-06-18 14:15:48,860 ERROR test_stdlib_err: boom
2026-06-18 14:15:48,861 DEBUG test_stdlib_dbg: trace
2026-06-18 14:16:28,954 INFO shell.infrastructure.persistence.sql.repositories: Querying current Task by name=e2e_task
2026-06-18 14:16:28,957 INFO shell.infrastructure.persistence.sql.repositories: No current Task found for name=e2e_task
2026-06-18 14:16:29,472 INFO shell.infrastructure.persistence.sql.repositories: Querying current Task by name=sql-task
2026-06-18 14:16:29,475 INFO shell.infrastructure.persistence.sql.repositories: No current Task found for name=sql-task
2026-06-18 14:16:29,484 INFO shell.infrastructure.persistence.sql.repositories: Querying current Task by name=sql-task-v
2026-06-18 14:16:29,485 INFO shell.infrastructure.persistence.sql.repositories: No current Task found for name=sql-task-v
2026-06-18 14:16:29,490 INFO shell.infrastructure.persistence.sql.repositories: Querying current Task by name=sql-task-v
2026-06-18 14:16:29,491 INFO shell.infrastructure.persistence.sql.repositories: TaskExecutionModel found: id=00000000-0000-0000-0000-000000000001 name=sql-task-v is_current=True
2026-06-18 14:16:29,499 INFO shell.infrastructure.persistence.sql.repositories: Querying current Task by name=wf-task
2026-06-18 14:16:29,500 INFO shell.infrastructure.persistence.sql.repositories: No current Task found for name=wf-task
2026-06-18 14:16:29,505 INFO shell.infrastructure.persistence.sql.repositories: Querying current Task by name=wf-task
2026-06-18 14:16:29,505 INFO shell.infrastructure.persistence.sql.repositories: TaskExecutionModel found: id=00000000-0000-0000-0000-000000000001 name=wf-task is_current=True
2026-06-18 14:16:29,512 INFO shell.infrastructure.persistence.sql.repositories: Querying current Task by id=00000000-0000-0000-0000-000000000001
2026-06-18 14:16:29,513 INFO shell.infrastructure.persistence.sql.repositories: TaskExecutionModel found: id=00000000-0000-0000-0000-000000000001 name=wf-task is_current=True
2026-06-18 14:16:29,675 INFO shell.infrastructure.persistence.sql.repositories: Querying current Task by name=atomic-task
2026-06-18 14:16:29,676 INFO shell.infrastructure.persistence.sql.repositories: No current Task found for name=atomic-task
2026-06-18 14:16:29,731 INFO test_stdlib_info: hello world
2026-06-18 14:16:29,732 WARNING test_stdlib_warn: watch out
2026-06-18 14:16:29,733 ERROR test_stdlib_err: boom
2026-06-18 14:16:29,734 DEBUG test_stdlib_dbg: trace
2026-06-18 14:16:42,718 INFO shell.infrastructure.persistence.sql.repositories: Querying current Task by name=e2e_task
2026-06-18 14:16:42,721 INFO shell.infrastructure.persistence.sql.repositories: No current Task found for name=e2e_task
2026-06-18 14:21:19,106 INFO shell.infrastructure.persistence.sql.repositories: Querying current Task by name=e2e_task
2026-06-18 14:21:19,109 INFO shell.infrastructure.persistence.sql.repositories: No current Task found for name=e2e_task
2026-06-18 14:21:19,635 INFO shell.infrastructure.persistence.sql.repositories: Querying current Task by name=sql-task
2026-06-18 14:21:19,639 INFO shell.infrastructure.persistence.sql.repositories: No current Task found for name=sql-task
2026-06-18 14:21:19,648 INFO shell.infrastructure.persistence.sql.repositories: Querying current Task by name=sql-task-v
2026-06-18 14:21:19,649 INFO shell.infrastructure.persistence.sql.repositories: No current Task found for name=sql-task-v
2026-06-18 14:21:19,653 INFO shell.infrastructure.persistence.sql.repositories: Querying current Task by name=sql-task-v
2026-06-18 14:21:19,654 INFO shell.infrastructure.persistence.sql.repositories: TaskExecutionModel found: id=00000000-0000-0000-0000-000000000001 name=sql-task-v is_current=True
2026-06-18 14:21:19,663 INFO shell.infrastructure.persistence.sql.repositories: Querying current Task by name=wf-task
2026-06-18 14:21:19,664 INFO shell.infrastructure.persistence.sql.repositories: No current Task found for name=wf-task
2026-06-18 14:21:19,668 INFO shell.infrastructure.persistence.sql.repositories: Querying current Task by name=wf-task
2026-06-18 14:21:19,669 INFO shell.infrastructure.persistence.sql.repositories: TaskExecutionModel found: id=00000000-0000-0000-0000-000000000001 name=wf-task is_current=True
2026-06-18 14:21:19,675 INFO shell.infrastructure.persistence.sql.repositories: Querying current Task by id=00000000-0000-0000-0000-000000000001
2026-06-18 14:21:19,677 INFO shell.infrastructure.persistence.sql.repositories: TaskExecutionModel found: id=00000000-0000-0000-0000-000000000001 name=wf-task is_current=True
2026-06-18 14:21:19,829 INFO shell.infrastructure.persistence.sql.repositories: Querying current Task by name=atomic-task
2026-06-18 14:21:19,829 INFO shell.infrastructure.persistence.sql.repositories: No current Task found for name=atomic-task
2026-06-18 14:21:19,880 INFO test_stdlib_info: hello world
2026-06-18 14:21:19,881 WARNING test_stdlib_warn: watch out
2026-06-18 14:21:19,882 ERROR test_stdlib_err: boom
2026-06-18 14:21:19,883 DEBUG test_stdlib_dbg: trace
2026-06-18 14:21:57,122 INFO shell.infrastructure.persistence.sql.repositories: Querying current Task by name=e2e_task
2026-06-18 14:21:57,125 INFO shell.infrastructure.persistence.sql.repositories: No current Task found for name=e2e_task
2026-06-18 14:42:07,980 INFO shell.infrastructure.persistence.sql.repositories: Querying current Task by name=e2e_task
2026-06-18 14:42:07,983 INFO shell.infrastructure.persistence.sql.repositories: No current Task found for name=e2e_task
2026-06-18 14:42:08,462 INFO shell.infrastructure.persistence.sql.repositories: Querying current Task by name=sql-task
2026-06-18 14:42:08,466 INFO shell.infrastructure.persistence.sql.repositories: No current Task found for name=sql-task
2026-06-18 14:42:08,474 INFO shell.infrastructure.persistence.sql.repositories: Querying current Task by name=sql-task-v
2026-06-18 14:42:08,475 INFO shell.infrastructure.persistence.sql.repositories: No current Task found for name=sql-task-v
2026-06-18 14:42:08,479 INFO shell.infrastructure.persistence.sql.repositories: Querying current Task by name=sql-task-v
2026-06-18 14:42:08,480 INFO shell.infrastructure.persistence.sql.repositories: TaskExecutionModel found: id=00000000-0000-0000-0000-000000000001 name=sql-task-v is_current=True
2026-06-18 14:42:08,488 INFO shell.infrastructure.persistence.sql.repositories: Querying current Task by name=wf-task
2026-06-18 14:42:08,489 INFO shell.infrastructure.persistence.sql.repositories: No current Task found for name=wf-task
2026-06-18 14:42:08,493 INFO shell.infrastructure.persistence.sql.repositories: Querying current Task by name=wf-task
2026-06-18 14:42:08,494 INFO shell.infrastructure.persistence.sql.repositories: TaskExecutionModel found: id=00000000-0000-0000-0000-000000000001 name=wf-task is_current=True
2026-06-18 14:42:08,500 INFO shell.infrastructure.persistence.sql.repositories: Querying current Task by id=00000000-0000-0000-0000-000000000001
2026-06-18 14:42:08,501 INFO shell.infrastructure.persistence.sql.repositories: TaskExecutionModel found: id=00000000-0000-0000-0000-000000000001 name=wf-task is_current=True
2026-06-18 14:42:08,647 INFO shell.infrastructure.persistence.sql.repositories: Querying current Task by name=atomic-task
2026-06-18 14:42:08,648 INFO shell.infrastructure.persistence.sql.repositories: No current Task found for name=atomic-task
2026-06-18 14:42:08,701 INFO test_stdlib_info: hello world
2026-06-18 14:42:08,702 WARNING test_stdlib_warn: watch out
2026-06-18 14:42:08,703 ERROR test_stdlib_err: boom
2026-06-18 14:42:08,704 DEBUG test_stdlib_dbg: trace
2026-06-18 15:10:56,498 INFO shell.infrastructure.persistence.sql.repositories: Querying current Task by name=e2e_task
2026-06-18 15:10:56,501 INFO shell.infrastructure.persistence.sql.repositories: No current Task found for name=e2e_task
2026-06-18 15:10:56,980 INFO shell.infrastructure.persistence.sql.repositories: Querying current Task by name=sql-task
2026-06-18 15:10:56,983 INFO shell.infrastructure.persistence.sql.repositories: No current Task found for name=sql-task
2026-06-18 15:10:56,992 INFO shell.infrastructure.persistence.sql.repositories: Querying current Task by name=sql-task-v
2026-06-18 15:10:56,992 INFO shell.infrastructure.persistence.sql.repositories: No current Task found for name=sql-task-v
2026-06-18 15:10:56,997 INFO shell.infrastructure.persistence.sql.repositories: Querying current Task by name=sql-task-v
2026-06-18 15:10:56,998 INFO shell.infrastructure.persistence.sql.repositories: TaskExecutionModel found: id=00000000-0000-0000-0000-000000000001 name=sql-task-v is_current=True
2026-06-18 15:10:57,006 INFO shell.infrastructure.persistence.sql.repositories: Querying current Task by name=wf-task
2026-06-18 15:10:57,007 INFO shell.infrastructure.persistence.sql.repositories: No current Task found for name=wf-task
2026-06-18 15:10:57,041 INFO shell.infrastructure.persistence.sql.repositories: Querying current Task by name=wf-task
2026-06-18 15:10:57,042 INFO shell.infrastructure.persistence.sql.repositories: TaskExecutionModel found: id=00000000-0000-0000-0000-000000000001 name=wf-task is_current=True
2026-06-18 15:10:57,057 INFO shell.infrastructure.persistence.sql.repositories: Querying current Task by id=00000000-0000-0000-0000-000000000001
2026-06-18 15:10:57,058 INFO shell.infrastructure.persistence.sql.repositories: TaskExecutionModel found: id=00000000-0000-0000-0000-000000000001 name=wf-task is_current=True
2026-06-18 15:10:57,199 INFO shell.infrastructure.persistence.sql.repositories: Querying current Task by name=atomic-task
2026-06-18 15:10:57,200 INFO shell.infrastructure.persistence.sql.repositories: No current Task found for name=atomic-task
2026-06-18 15:10:57,251 INFO test_stdlib_info: hello world
2026-06-18 15:10:57,252 WARNING test_stdlib_warn: watch out
2026-06-18 15:10:57,253 ERROR test_stdlib_err: boom
2026-06-18 15:10:57,254 DEBUG test_stdlib_dbg: trace
2026-06-18 15:27:40,041 INFO shell.infrastructure.persistence.sql.repositories: Querying current Task by name=e2e_task
2026-06-18 15:27:40,044 INFO shell.infrastructure.persistence.sql.repositories: No current Task found for name=e2e_task
2026-06-18 15:27:59,122 INFO shell.infrastructure.persistence.sql.repositories: Querying current Task by name=e2e_task
2026-06-18 15:27:59,126 INFO shell.infrastructure.persistence.sql.repositories: No current Task found for name=e2e_task
2026-06-18 15:31:01,415 INFO shell.infrastructure.persistence.sql.repositories: Querying current Task by name=e2e_task
2026-06-18 15:31:01,418 INFO shell.infrastructure.persistence.sql.repositories: No current Task found for name=e2e_task
2026-06-18 15:31:02,979 INFO shell.infrastructure.persistence.sql.repositories: Querying current Task by name=sql-task
2026-06-18 15:31:02,983 INFO shell.infrastructure.persistence.sql.repositories: No current Task found for name=sql-task
2026-06-18 15:31:02,992 INFO shell.infrastructure.persistence.sql.repositories: Querying current Task by name=sql-task-v
2026-06-18 15:31:02,993 INFO shell.infrastructure.persistence.sql.repositories: No current Task found for name=sql-task-v
2026-06-18 15:31:02,997 INFO shell.infrastructure.persistence.sql.repositories: Querying current Task by name=sql-task-v
2026-06-18 15:31:02,998 INFO shell.infrastructure.persistence.sql.repositories: TaskExecutionModel found: id=00000000-0000-0000-0000-000000000001 name=sql-task-v is_current=True
2026-06-18 15:31:03,249 INFO shell.infrastructure.persistence.sql.repositories: Querying current Task by name=wf-task
2026-06-18 15:31:03,252 INFO shell.infrastructure.persistence.sql.repositories: No current Task found for name=wf-task
2026-06-18 15:31:03,257 INFO shell.infrastructure.persistence.sql.repositories: Querying current Task by name=wf-task
2026-06-18 15:31:03,258 INFO shell.infrastructure.persistence.sql.repositories: TaskExecutionModel found: id=00000000-0000-0000-0000-000000000001 name=wf-task is_current=True
2026-06-18 15:31:03,263 INFO shell.infrastructure.persistence.sql.repositories: Querying current Task by id=00000000-0000-0000-0000-000000000001
2026-06-18 15:31:03,265 INFO shell.infrastructure.persistence.sql.repositories: TaskExecutionModel found: id=00000000-0000-0000-0000-000000000001 name=wf-task is_current=True
2026-06-18 15:31:03,400 INFO shell.infrastructure.persistence.sql.repositories: Querying current Task by name=atomic-task
2026-06-18 15:31:03,403 INFO shell.infrastructure.persistence.sql.repositories: No current Task found for name=atomic-task
2026-06-18 15:31:03,476 INFO test_stdlib_info: hello world
2026-06-18 15:31:03,477 WARNING test_stdlib_warn: watch out
2026-06-18 15:31:03,478 ERROR test_stdlib_err: boom
2026-06-18 15:31:03,479 DEBUG test_stdlib_dbg: trace
2026-06-18 15:31:14,623 INFO shell.infrastructure.persistence.sql.repositories: Querying current Task by name=e2e_task
2026-06-18 15:31:14,627 INFO shell.infrastructure.persistence.sql.repositories: No current Task found for name=e2e_task
2026-06-18 15:31:16,082 INFO shell.infrastructure.persistence.sql.repositories: Querying current Task by name=sql-task
2026-06-18 15:31:16,085 INFO shell.infrastructure.persistence.sql.repositories: No current Task found for name=sql-task
2026-06-18 15:31:16,097 INFO shell.infrastructure.persistence.sql.repositories: Querying current Task by name=sql-task-v
2026-06-18 15:31:16,098 INFO shell.infrastructure.persistence.sql.repositories: No current Task found for name=sql-task-v
2026-06-18 15:31:16,103 INFO shell.infrastructure.persistence.sql.repositories: Querying current Task by name=sql-task-v
2026-06-18 15:31:16,103 INFO shell.infrastructure.persistence.sql.repositories: TaskExecutionModel found: id=00000000-0000-0000-0000-000000000001 name=sql-task-v is_current=True
2026-06-18 15:31:16,343 INFO shell.infrastructure.persistence.sql.repositories: Querying current Task by name=wf-task
2026-06-18 15:31:16,346 INFO shell.infrastructure.persistence.sql.repositories: No current Task found for name=wf-task
2026-06-18 15:31:16,351 INFO shell.infrastructure.persistence.sql.repositories: Querying current Task by name=wf-task
2026-06-18 15:31:16,351 INFO shell.infrastructure.persistence.sql.repositories: TaskExecutionModel found: id=00000000-0000-0000-0000-000000000001 name=wf-task is_current=True
2026-06-18 15:31:16,357 INFO shell.infrastructure.persistence.sql.repositories: Querying current Task by id=00000000-0000-0000-0000-000000000001
2026-06-18 15:31:16,358 INFO shell.infrastructure.persistence.sql.repositories: TaskExecutionModel found: id=00000000-0000-0000-0000-000000000001 name=wf-task is_current=True
2026-06-18 15:31:16,488 INFO shell.infrastructure.persistence.sql.repositories: Querying current Task by name=atomic-task
2026-06-18 15:31:16,491 INFO shell.infrastructure.persistence.sql.repositories: No current Task found for name=atomic-task
2026-06-18 15:31:16,567 INFO test_stdlib_info: hello world
2026-06-18 15:31:16,568 WARNING test_stdlib_warn: watch out
2026-06-18 15:31:16,569 ERROR test_stdlib_err: boom
2026-06-18 15:31:16,570 DEBUG test_stdlib_dbg: trace
