shell\infrastructure\persistence\memory\memory.py:614: error: Unexpected keyword argument "version" for "RunnerConfigDto"  [call-arg]
shell\infrastructure\persistence\memory\memory.py:614: error: Unexpected keyword argument "config" for "RunnerConfigDto"  [call-arg]
shell\infrastructure\persistence\memory\memory.py:614: error: "RunnerConfig" has no attribute "version"  [attr-defined]
shell\infrastructure\persistence\memory\memory.py:614: error: "RunnerConfig" has no attribute "config"  [attr-defined]
shell\tests\unit\application\test_node_execution_worker.py:111: error: Argument "uow" to "NodeExecutionWorker" has incompatible type "InMemoryUnitOfWork"; expected "UnitOfWork"  [arg-type]
shell\tests\unit\application\test_node_execution_worker.py:111: note: Following member(s) of "InMemoryUnitOfWork" have conflicts:
shell\tests\unit\application\test_node_execution_worker.py:111: note:     Expected:
shell\tests\unit\application\test_node_execution_worker.py:111: note:         def __aexit__(self, *args: object) -> Coroutine[Any, Any, None]
shell\tests\unit\application\test_node_execution_worker.py:111: note:     Got:
shell\tests\unit\application\test_node_execution_worker.py:111: note:         def __aexit__(self, exc_type: object, *args: object) -> Coroutine[Any, Any, None]
shell\tests\unit\application\test_node_execution_worker.py:111: note:     envelope_archive: expected "EnvelopeArchive", got "InMemoryEnvelopeArchive"
shell\tests\unit\application\test_node_execution_worker.py:111: note:     <9 more conflict(s) not shown>
shell\tests\unit\application\test_node_execution_worker.py:114: error: Argument "runner" to "NodeExecutionWorker" has incompatible type "FakeNodeProcessRunner"; expected "NodeProcessRunner"  [arg-type]
shell\tests\unit\application\test_node_execution_worker.py:114: note: Following member(s) of "FakeNodeProcessRunner" have conflicts:
shell\tests\unit\application\test_node_execution_worker.py:114: note:     Expected:
shell\tests\unit\application\test_node_execution_worker.py:114: note:         def run(self, manifest: Manifest, workspace_path: str, env: dict[str, str] | None = ...) -> Coroutine[Any, Any, ExecutionResult]
shell\tests\unit\application\test_node_execution_worker.py:114: note:     Got:
shell\tests\unit\application\test_node_execution_worker.py:114: note:         def run(self, manifest: object, workspace_path: str, env: dict[Any, Any] | None = ...) -> Coroutine[Any, Any, object]
shell\tests\unit\application\test_logging_publishers.py:154: error: Argument 1 to "publish" of "CompositeEventPublisher" has incompatible type "list[TaskCreated]"; expected "list[DomainEvent]"  [arg-type]
shell\tests\unit\application\test_logging_publishers.py:154: note: "list" is invariant -- see https://mypy.readthedocs.io/en/stable/common_issues.html#variance
shell\tests\unit\application\test_logging_publishers.py:154: note: Consider using "Sequence" instead, which is covariant
shell\infrastructure\process\subprocess_runner.py:127: error: Name "_run_argv" already defined on line 89  [no-redef]
shell\infrastructure\persistence\sql\query_services.py:134: error: Unexpected keyword argument "destination_node" for "EnvelopeDto"  [call-arg]
shell\infrastructure\persistence\sql\query_services.py:137: error: "EnvelopeModel" has no attribute "destination_node"  [attr-defined]
shell\infrastructure\persistence\sql\query_services.py:196: error: Unexpected keyword argument "version" for "RunnerConfigDto"  [call-arg]
shell\infrastructure\persistence\sql\query_services.py:196: error: Unexpected keyword argument "config" for "RunnerConfigDto"  [call-arg]
shell\infrastructure\persistence\sql\query_services.py:198: error: "RunnerConfigModel" has no attribute "version"  [attr-defined]
shell\infrastructure\persistence\sql\query_services.py:199: error: "RunnerConfigModel" has no attribute "config"  [attr-defined]
shell\infrastructure\persistence\sql\query_services.py:211: error: Incompatible types in assignment (expression has type "SessionModel | None", variable has type "AsyncSession")  [assignment]
shell\infrastructure\persistence\sql\query_services.py:215: error: "AsyncSession" has no attribute "id"  [attr-defined]
shell\infrastructure\persistence\sql\query_services.py:216: error: "AsyncSession" has no attribute "goal"  [attr-defined]
shell\infrastructure\persistence\sql\query_services.py:217: error: "AsyncSession" has no attribute "status"  [attr-defined]
shell\infrastructure\persistence\sql\query_services.py:218: error: "AsyncSession" has no attribute "opened_at"  [attr-defined]
shell\infrastructure\persistence\sql\query_services.py:219: error: "AsyncSession" has no attribute "closed_at"; maybe "close_all"?  [attr-defined]
shell\infrastructure\persistence\sql\query_services.py:228: error: "AsyncSession" has no attribute "messages"  [attr-defined]
shell\infrastructure\persistence\sql\mappers\__init__.py:427: error: Argument 2 to "template_graph_node_entity_to_model" has incompatible type "TemplateGraphId"; expected "str"  [arg-type]
shell\framework\api\middleware\correlation_id.py:19: error: Argument 1 to "set" of "ContextVar" has incompatible type "str | None"; expected "str"  [arg-type]
shell\framework\api\middleware\correlation_id.py:21: error: "object" not callable  [operator]
shell\tests\unit\application\test_handlers.py:95: error: Argument 1 to "ImportTaskHandler" has incompatible type "InMemoryUnitOfWork"; expected "UnitOfWork"  [arg-type]
shell\tests\unit\application\test_handlers.py:95: note: Following member(s) of "InMemoryUnitOfWork" have conflicts:
shell\tests\unit\application\test_handlers.py:95: note:     Expected:
shell\tests\unit\application\test_handlers.py:95: note:         def __aexit__(self, *args: object) -> Coroutine[Any, Any, None]
shell\tests\unit\application\test_handlers.py:95: note:     Got:
shell\tests\unit\application\test_handlers.py:95: note:         def __aexit__(self, exc_type: object, *args: object) -> Coroutine[Any, Any, None]
shell\tests\unit\application\test_handlers.py:95: note:     envelope_archive: expected "EnvelopeArchive", got "InMemoryEnvelopeArchive"
shell\tests\unit\application\test_handlers.py:95: note:     <9 more conflict(s) not shown>
shell\tests\unit\application\test_handlers.py:110: error: Argument 1 to "ImportTaskHandler" has incompatible type "InMemoryUnitOfWork"; expected "UnitOfWork"  [arg-type]
shell\tests\unit\application\test_handlers.py:110: note: Following member(s) of "InMemoryUnitOfWork" have conflicts:
shell\tests\unit\application\test_handlers.py:110: note:     Expected:
shell\tests\unit\application\test_handlers.py:110: note:         def __aexit__(self, *args: object) -> Coroutine[Any, Any, None]
shell\tests\unit\application\test_handlers.py:110: note:     Got:
shell\tests\unit\application\test_handlers.py:110: note:         def __aexit__(self, exc_type: object, *args: object) -> Coroutine[Any, Any, None]
shell\tests\unit\application\test_handlers.py:110: note:     envelope_archive: expected "EnvelopeArchive", got "InMemoryEnvelopeArchive"
shell\tests\unit\application\test_handlers.py:110: note:     <9 more conflict(s) not shown>
shell\tests\unit\application\test_handlers.py:127: error: Argument 1 to "ImportTaskHandler" has incompatible type "InMemoryUnitOfWork"; expected "UnitOfWork"  [arg-type]
shell\tests\unit\application\test_handlers.py:127: note: Following member(s) of "InMemoryUnitOfWork" have conflicts:
shell\tests\unit\application\test_handlers.py:127: note:     Expected:
shell\tests\unit\application\test_handlers.py:127: note:         def __aexit__(self, *args: object) -> Coroutine[Any, Any, None]
shell\tests\unit\application\test_handlers.py:127: note:     Got:
shell\tests\unit\application\test_handlers.py:127: note:         def __aexit__(self, exc_type: object, *args: object) -> Coroutine[Any, Any, None]
shell\tests\unit\application\test_handlers.py:127: note:     envelope_archive: expected "EnvelopeArchive", got "InMemoryEnvelopeArchive"
shell\tests\unit\application\test_handlers.py:127: note:     <9 more conflict(s) not shown>
shell\tests\unit\application\test_handlers.py:147: error: Argument 1 to "ImportTaskHandler" has incompatible type "InMemoryUnitOfWork"; expected "UnitOfWork"  [arg-type]
shell\tests\unit\application\test_handlers.py:147: note: Following member(s) of "InMemoryUnitOfWork" have conflicts:
shell\tests\unit\application\test_handlers.py:147: note:     Expected:
shell\tests\unit\application\test_handlers.py:147: note:         def __aexit__(self, *args: object) -> Coroutine[Any, Any, None]
shell\tests\unit\application\test_handlers.py:147: note:     Got:
shell\tests\unit\application\test_handlers.py:147: note:         def __aexit__(self, exc_type: object, *args: object) -> Coroutine[Any, Any, None]
shell\tests\unit\application\test_handlers.py:147: note:     envelope_archive: expected "EnvelopeArchive", got "InMemoryEnvelopeArchive"
shell\tests\unit\application\test_handlers.py:147: note:     <9 more conflict(s) not shown>
shell\tests\unit\application\test_handlers.py:165: error: Argument 1 to "ImportTaskHandler" has incompatible type "InMemoryUnitOfWork"; expected "UnitOfWork"  [arg-type]
shell\tests\unit\application\test_handlers.py:165: note: Following member(s) of "InMemoryUnitOfWork" have conflicts:
shell\tests\unit\application\test_handlers.py:165: note:     Expected:
shell\tests\unit\application\test_handlers.py:165: note:         def __aexit__(self, *args: object) -> Coroutine[Any, Any, None]
shell\tests\unit\application\test_handlers.py:165: note:     Got:
shell\tests\unit\application\test_handlers.py:165: note:         def __aexit__(self, exc_type: object, *args: object) -> Coroutine[Any, Any, None]
shell\tests\unit\application\test_handlers.py:165: note:     envelope_archive: expected "EnvelopeArchive", got "InMemoryEnvelopeArchive"
shell\tests\unit\application\test_handlers.py:165: note:     <9 more conflict(s) not shown>
shell\tests\unit\application\test_handlers.py:208: error: Argument 1 to "StartWorkflowHandler" has incompatible type "InMemoryUnitOfWork"; expected "UnitOfWork"  [arg-type]
shell\tests\unit\application\test_handlers.py:208: note: Following member(s) of "InMemoryUnitOfWork" have conflicts:
shell\tests\unit\application\test_handlers.py:208: note:     Expected:
shell\tests\unit\application\test_handlers.py:208: note:         def __aexit__(self, *args: object) -> Coroutine[Any, Any, None]
shell\tests\unit\application\test_handlers.py:208: note:     Got:
shell\tests\unit\application\test_handlers.py:208: note:         def __aexit__(self, exc_type: object, *args: object) -> Coroutine[Any, Any, None]
shell\tests\unit\application\test_handlers.py:208: note:     envelope_archive: expected "EnvelopeArchive", got "InMemoryEnvelopeArchive"
shell\tests\unit\application\test_handlers.py:208: note:     <9 more conflict(s) not shown>
shell\tests\unit\application\test_handlers.py:221: error: Argument 1 to "StartWorkflowHandler" has incompatible type "InMemoryUnitOfWork"; expected "UnitOfWork"  [arg-type]
shell\tests\unit\application\test_handlers.py:221: note: Following member(s) of "InMemoryUnitOfWork" have conflicts:
shell\tests\unit\application\test_handlers.py:221: note:     Expected:
shell\tests\unit\application\test_handlers.py:221: note:         def __aexit__(self, *args: object) -> Coroutine[Any, Any, None]
shell\tests\unit\application\test_handlers.py:221: note:     Got:
shell\tests\unit\application\test_handlers.py:221: note:         def __aexit__(self, exc_type: object, *args: object) -> Coroutine[Any, Any, None]
shell\tests\unit\application\test_handlers.py:221: note:     envelope_archive: expected "EnvelopeArchive", got "InMemoryEnvelopeArchive"
shell\tests\unit\application\test_handlers.py:221: note:     <9 more conflict(s) not shown>
shell\tests\unit\application\test_handlers.py:235: error: Argument 1 to "StartWorkflowHandler" has incompatible type "InMemoryUnitOfWork"; expected "UnitOfWork"  [arg-type]
shell\tests\unit\application\test_handlers.py:235: note: Following member(s) of "InMemoryUnitOfWork" have conflicts:
shell\tests\unit\application\test_handlers.py:235: note:     Expected:
shell\tests\unit\application\test_handlers.py:235: note:         def __aexit__(self, *args: object) -> Coroutine[Any, Any, None]
shell\tests\unit\application\test_handlers.py:235: note:     Got:
shell\tests\unit\application\test_handlers.py:235: note:         def __aexit__(self, exc_type: object, *args: object) -> Coroutine[Any, Any, None]
shell\tests\unit\application\test_handlers.py:235: note:     envelope_archive: expected "EnvelopeArchive", got "InMemoryEnvelopeArchive"
shell\tests\unit\application\test_handlers.py:235: note:     <9 more conflict(s) not shown>
shell\tests\unit\application\test_handlers.py:263: error: Argument 1 to "SaveNodeResultHandler" has incompatible type "InMemoryUnitOfWork"; expected "UnitOfWork"  [arg-type]
shell\tests\unit\application\test_handlers.py:263: note: Following member(s) of "InMemoryUnitOfWork" have conflicts:
shell\tests\unit\application\test_handlers.py:263: note:     Expected:
shell\tests\unit\application\test_handlers.py:263: note:         def __aexit__(self, *args: object) -> Coroutine[Any, Any, None]
shell\tests\unit\application\test_handlers.py:263: note:     Got:
shell\tests\unit\application\test_handlers.py:263: note:         def __aexit__(self, exc_type: object, *args: object) -> Coroutine[Any, Any, None]
shell\tests\unit\application\test_handlers.py:263: note:     envelope_archive: expected "EnvelopeArchive", got "InMemoryEnvelopeArchive"
shell\tests\unit\application\test_handlers.py:263: note:     <9 more conflict(s) not shown>
shell\tests\unit\application\test_handlers.py:292: error: Argument 1 to "SavePromptHandler" has incompatible type "InMemoryUnitOfWork"; expected "UnitOfWork"  [arg-type]
shell\tests\unit\application\test_handlers.py:292: note: Following member(s) of "InMemoryUnitOfWork" have conflicts:
shell\tests\unit\application\test_handlers.py:292: note:     Expected:
shell\tests\unit\application\test_handlers.py:292: note:         def __aexit__(self, *args: object) -> Coroutine[Any, Any, None]
shell\tests\unit\application\test_handlers.py:292: note:     Got:
shell\tests\unit\application\test_handlers.py:292: note:         def __aexit__(self, exc_type: object, *args: object) -> Coroutine[Any, Any, None]
shell\tests\unit\application\test_handlers.py:292: note:     envelope_archive: expected "EnvelopeArchive", got "InMemoryEnvelopeArchive"
shell\tests\unit\application\test_handlers.py:292: note:     <9 more conflict(s) not shown>
shell\tests\unit\application\test_handlers.py:308: error: Argument 1 to "SavePromptHandler" has incompatible type "InMemoryUnitOfWork"; expected "UnitOfWork"  [arg-type]
shell\tests\unit\application\test_handlers.py:308: note: Following member(s) of "InMemoryUnitOfWork" have conflicts:
shell\tests\unit\application\test_handlers.py:308: note:     Expected:
shell\tests\unit\application\test_handlers.py:308: note:         def __aexit__(self, *args: object) -> Coroutine[Any, Any, None]
shell\tests\unit\application\test_handlers.py:308: note:     Got:
shell\tests\unit\application\test_handlers.py:308: note:         def __aexit__(self, exc_type: object, *args: object) -> Coroutine[Any, Any, None]
shell\tests\unit\application\test_handlers.py:308: note:     envelope_archive: expected "EnvelopeArchive", got "InMemoryEnvelopeArchive"
shell\tests\unit\application\test_handlers.py:308: note:     <9 more conflict(s) not shown>
shell\tests\unit\application\test_handlers.py:361: error: Argument 1 to "IndexDocumentHandler" has incompatible type "InMemoryUnitOfWork"; expected "UnitOfWork"  [arg-type]
shell\tests\unit\application\test_handlers.py:361: note: Following member(s) of "InMemoryUnitOfWork" have conflicts:
shell\tests\unit\application\test_handlers.py:361: note:     Expected:
shell\tests\unit\application\test_handlers.py:361: note:         def __aexit__(self, *args: object) -> Coroutine[Any, Any, None]
shell\tests\unit\application\test_handlers.py:361: note:     Got:
shell\tests\unit\application\test_handlers.py:361: note:         def __aexit__(self, exc_type: object, *args: object) -> Coroutine[Any, Any, None]
shell\tests\unit\application\test_handlers.py:361: note:     envelope_archive: expected "EnvelopeArchive", got "InMemoryEnvelopeArchive"
shell\tests\unit\application\test_handlers.py:361: note:     <9 more conflict(s) not shown>
shell\tests\unit\application\test_handlers.py:384: error: Argument 1 to "IndexDocumentHandler" has incompatible type "InMemoryUnitOfWork"; expected "UnitOfWork"  [arg-type]
shell\tests\unit\application\test_handlers.py:384: note: Following member(s) of "InMemoryUnitOfWork" have conflicts:
shell\tests\unit\application\test_handlers.py:384: note:     Expected:
shell\tests\unit\application\test_handlers.py:384: note:         def __aexit__(self, *args: object) -> Coroutine[Any, Any, None]
shell\tests\unit\application\test_handlers.py:384: note:     Got:
shell\tests\unit\application\test_handlers.py:384: note:         def __aexit__(self, exc_type: object, *args: object) -> Coroutine[Any, Any, None]
shell\tests\unit\application\test_handlers.py:384: note:     envelope_archive: expected "EnvelopeArchive", got "InMemoryEnvelopeArchive"
shell\tests\unit\application\test_handlers.py:384: note:     <9 more conflict(s) not shown>
shell\tests\unit\application\test_handlers.py:407: error: Argument 1 to "OpenSessionHandler" has incompatible type "InMemoryUnitOfWork"; expected "UnitOfWork"  [arg-type]
shell\tests\unit\application\test_handlers.py:407: note: Following member(s) of "InMemoryUnitOfWork" have conflicts:
shell\tests\unit\application\test_handlers.py:407: note:     Expected:
shell\tests\unit\application\test_handlers.py:407: note:         def __aexit__(self, *args: object) -> Coroutine[Any, Any, None]
shell\tests\unit\application\test_handlers.py:407: note:     Got:
shell\tests\unit\application\test_handlers.py:407: note:         def __aexit__(self, exc_type: object, *args: object) -> Coroutine[Any, Any, None]
shell\tests\unit\application\test_handlers.py:407: note:     envelope_archive: expected "EnvelopeArchive", got "InMemoryEnvelopeArchive"
shell\tests\unit\application\test_handlers.py:407: note:     <9 more conflict(s) not shown>
shell\tests\unit\application\test_handlers.py:410: error: Argument 1 to "AppendMessageHandler" has incompatible type "InMemoryUnitOfWork"; expected "UnitOfWork"  [arg-type]
shell\tests\unit\application\test_handlers.py:410: note: Following member(s) of "InMemoryUnitOfWork" have conflicts:
shell\tests\unit\application\test_handlers.py:410: note:     Expected:
shell\tests\unit\application\test_handlers.py:410: note:         def __aexit__(self, *args: object) -> Coroutine[Any, Any, None]
shell\tests\unit\application\test_handlers.py:410: note:     Got:
shell\tests\unit\application\test_handlers.py:410: note:         def __aexit__(self, exc_type: object, *args: object) -> Coroutine[Any, Any, None]
shell\tests\unit\application\test_handlers.py:410: note:     envelope_archive: expected "EnvelopeArchive", got "InMemoryEnvelopeArchive"
shell\tests\unit\application\test_handlers.py:410: note:     <9 more conflict(s) not shown>
shell\tests\unit\application\test_handlers.py:433: error: Argument 1 to "OpenSessionHandler" has incompatible type "InMemoryUnitOfWork"; expected "UnitOfWork"  [arg-type]
shell\tests\unit\application\test_handlers.py:433: note: Following member(s) of "InMemoryUnitOfWork" have conflicts:
shell\tests\unit\application\test_handlers.py:433: note:     Expected:
shell\tests\unit\application\test_handlers.py:433: note:         def __aexit__(self, *args: object) -> Coroutine[Any, Any, None]
shell\tests\unit\application\test_handlers.py:433: note:     Got:
shell\tests\unit\application\test_handlers.py:433: note:         def __aexit__(self, exc_type: object, *args: object) -> Coroutine[Any, Any, None]
shell\tests\unit\application\test_handlers.py:433: note:     envelope_archive: expected "EnvelopeArchive", got "InMemoryEnvelopeArchive"
shell\tests\unit\application\test_handlers.py:433: note:     <9 more conflict(s) not shown>
shell\tests\unit\application\test_handlers.py:436: error: Argument 1 to "CloseSessionHandler" has incompatible type "InMemoryUnitOfWork"; expected "UnitOfWork"  [arg-type]
shell\tests\unit\application\test_handlers.py:436: note: Following member(s) of "InMemoryUnitOfWork" have conflicts:
shell\tests\unit\application\test_handlers.py:436: note:     Expected:
shell\tests\unit\application\test_handlers.py:436: note:         def __aexit__(self, *args: object) -> Coroutine[Any, Any, None]
shell\tests\unit\application\test_handlers.py:436: note:     Got:
shell\tests\unit\application\test_handlers.py:436: note:         def __aexit__(self, exc_type: object, *args: object) -> Coroutine[Any, Any, None]
shell\tests\unit\application\test_handlers.py:436: note:     envelope_archive: expected "EnvelopeArchive", got "InMemoryEnvelopeArchive"
shell\tests\unit\application\test_handlers.py:436: note:     <9 more conflict(s) not shown>
shell\tests\unit\application\test_handlers.py:453: error: Argument 1 to "CloseSessionHandler" has incompatible type "InMemoryUnitOfWork"; expected "UnitOfWork"  [arg-type]
shell\tests\unit\application\test_handlers.py:453: note: Following member(s) of "InMemoryUnitOfWork" have conflicts:
shell\tests\unit\application\test_handlers.py:453: note:     Expected:
shell\tests\unit\application\test_handlers.py:453: note:         def __aexit__(self, *args: object) -> Coroutine[Any, Any, None]
shell\tests\unit\application\test_handlers.py:453: note:     Got:
shell\tests\unit\application\test_handlers.py:453: note:         def __aexit__(self, exc_type: object, *args: object) -> Coroutine[Any, Any, None]
shell\tests\unit\application\test_handlers.py:453: note:     envelope_archive: expected "EnvelopeArchive", got "InMemoryEnvelopeArchive"
shell\tests\unit\application\test_handlers.py:453: note:     <9 more conflict(s) not shown>
shell\tests\unit\application\test_build_graph_on_task_created.py:112: error: Argument 1 to "BuildGraphOnTaskCreated" has incompatible type "InMemoryUnitOfWork"; expected "UnitOfWork"  [arg-type]
shell\tests\unit\application\test_build_graph_on_task_created.py:112: note: Following member(s) of "InMemoryUnitOfWork" have conflicts:
shell\tests\unit\application\test_build_graph_on_task_created.py:112: note:     Expected:
shell\tests\unit\application\test_build_graph_on_task_created.py:112: note:         def __aexit__(self, *args: object) -> Coroutine[Any, Any, None]
shell\tests\unit\application\test_build_graph_on_task_created.py:112: note:     Got:
shell\tests\unit\application\test_build_graph_on_task_created.py:112: note:         def __aexit__(self, exc_type: object, *args: object) -> Coroutine[Any, Any, None]
shell\tests\unit\application\test_build_graph_on_task_created.py:112: note:     envelope_archive: expected "EnvelopeArchive", got "InMemoryEnvelopeArchive"
shell\tests\unit\application\test_build_graph_on_task_created.py:112: note:     <9 more conflict(s) not shown>
shell\tests\unit\application\test_build_graph_on_task_created.py:132: error: Argument 1 to "BuildGraphOnTaskCreated" has incompatible type "InMemoryUnitOfWork"; expected "UnitOfWork"  [arg-type]
shell\tests\unit\application\test_build_graph_on_task_created.py:132: note: Following member(s) of "InMemoryUnitOfWork" have conflicts:
shell\tests\unit\application\test_build_graph_on_task_created.py:132: note:     Expected:
shell\tests\unit\application\test_build_graph_on_task_created.py:132: note:         def __aexit__(self, *args: object) -> Coroutine[Any, Any, None]
shell\tests\unit\application\test_build_graph_on_task_created.py:132: note:     Got:
shell\tests\unit\application\test_build_graph_on_task_created.py:132: note:         def __aexit__(self, exc_type: object, *args: object) -> Coroutine[Any, Any, None]
shell\tests\unit\application\test_build_graph_on_task_created.py:132: note:     envelope_archive: expected "EnvelopeArchive", got "InMemoryEnvelopeArchive"
shell\tests\unit\application\test_build_graph_on_task_created.py:132: note:     <9 more conflict(s) not shown>
shell\tests\unit\application\test_build_graph_on_task_created.py:146: error: Argument 1 to "BuildGraphOnTaskCreated" has incompatible type "InMemoryUnitOfWork"; expected "UnitOfWork"  [arg-type]
shell\tests\unit\application\test_build_graph_on_task_created.py:146: note: Following member(s) of "InMemoryUnitOfWork" have conflicts:
shell\tests\unit\application\test_build_graph_on_task_created.py:146: note:     Expected:
shell\tests\unit\application\test_build_graph_on_task_created.py:146: note:         def __aexit__(self, *args: object) -> Coroutine[Any, Any, None]
shell\tests\unit\application\test_build_graph_on_task_created.py:146: note:     Got:
shell\tests\unit\application\test_build_graph_on_task_created.py:146: note:         def __aexit__(self, exc_type: object, *args: object) -> Coroutine[Any, Any, None]
shell\tests\unit\application\test_build_graph_on_task_created.py:146: note:     envelope_archive: expected "EnvelopeArchive", got "InMemoryEnvelopeArchive"
shell\tests\unit\application\test_build_graph_on_task_created.py:146: note:     <9 more conflict(s) not shown>
shell\tests\unit\application\test_build_graph_on_task_created.py:173: error: Argument 1 to "BuildGraphOnTaskCreated" has incompatible type "InMemoryUnitOfWork"; expected "UnitOfWork"  [arg-type]
shell\tests\unit\application\test_build_graph_on_task_created.py:173: note: Following member(s) of "InMemoryUnitOfWork" have conflicts:
shell\tests\unit\application\test_build_graph_on_task_created.py:173: note:     Expected:
shell\tests\unit\application\test_build_graph_on_task_created.py:173: note:         def __aexit__(self, *args: object) -> Coroutine[Any, Any, None]
shell\tests\unit\application\test_build_graph_on_task_created.py:173: note:     Got:
shell\tests\unit\application\test_build_graph_on_task_created.py:173: note:         def __aexit__(self, exc_type: object, *args: object) -> Coroutine[Any, Any, None]
shell\tests\unit\application\test_build_graph_on_task_created.py:173: note:     envelope_archive: expected "EnvelopeArchive", got "InMemoryEnvelopeArchive"
shell\tests\unit\application\test_build_graph_on_task_created.py:173: note:     <9 more conflict(s) not shown>
shell\tests\e2e\cli\test_tasker_full_graph.py:131: error: Argument "uow" to "NodeExecutionWorker" has incompatible type "InMemoryUnitOfWork"; expected "UnitOfWork"  [arg-type]
shell\tests\e2e\cli\test_tasker_full_graph.py:131: note: Following member(s) of "InMemoryUnitOfWork" have conflicts:
shell\tests\e2e\cli\test_tasker_full_graph.py:131: note:     Expected:
shell\tests\e2e\cli\test_tasker_full_graph.py:131: note:         def __aexit__(self, *args: object) -> Coroutine[Any, Any, None]
shell\tests\e2e\cli\test_tasker_full_graph.py:131: note:     Got:
shell\tests\e2e\cli\test_tasker_full_graph.py:131: note:         def __aexit__(self, exc_type: object, *args: object) -> Coroutine[Any, Any, None]
shell\tests\e2e\cli\test_tasker_full_graph.py:131: note:     envelope_archive: expected "EnvelopeArchive", got "InMemoryEnvelopeArchive"
shell\tests\e2e\cli\test_tasker_full_graph.py:131: note:     <9 more conflict(s) not shown>
shell\tests\e2e\cli\test_tasker_full_graph.py:134: error: Argument "runner" to "NodeExecutionWorker" has incompatible type "FakeNodeProcessRunner"; expected "NodeProcessRunner"  [arg-type]
shell\tests\e2e\cli\test_tasker_full_graph.py:134: note: Following member(s) of "FakeNodeProcessRunner" have conflicts:
shell\tests\e2e\cli\test_tasker_full_graph.py:134: note:     Expected:
shell\tests\e2e\cli\test_tasker_full_graph.py:134: note:         def run(self, manifest: Manifest, workspace_path: str, env: dict[str, str] | None = ...) -> Coroutine[Any, Any, ExecutionResult]
shell\tests\e2e\cli\test_tasker_full_graph.py:134: note:     Got:
shell\tests\e2e\cli\test_tasker_full_graph.py:134: note:         def run(self, manifest: object, workspace_path: str, env: dict[Any, Any] | None = ...) -> Coroutine[Any, Any, object]
shell\tests\e2e\cli\test_tasker_full_graph.py:140: error: Argument "uow" to "RunTaskerWorkflowHandler" has incompatible type "InMemoryUnitOfWork"; expected "UnitOfWork"  [arg-type]
shell\tests\e2e\cli\test_tasker_full_graph.py:140: note: Following member(s) of "InMemoryUnitOfWork" have conflicts:
shell\tests\e2e\cli\test_tasker_full_graph.py:140: note:     Expected:
shell\tests\e2e\cli\test_tasker_full_graph.py:140: note:         def __aexit__(self, *args: object) -> Coroutine[Any, Any, None]
shell\tests\e2e\cli\test_tasker_full_graph.py:140: note:     Got:
shell\tests\e2e\cli\test_tasker_full_graph.py:140: note:         def __aexit__(self, exc_type: object, *args: object) -> Coroutine[Any, Any, None]
shell\tests\e2e\cli\test_tasker_full_graph.py:140: note:     envelope_archive: expected "EnvelopeArchive", got "InMemoryEnvelopeArchive"
shell\tests\e2e\cli\test_tasker_full_graph.py:140: note:     <9 more conflict(s) not shown>
shell\tests\e2e\cli\test_tasker_full_graph.py:290: error: Argument "uow" to "RunTaskerWorkflowHandler" has incompatible type "InMemoryUnitOfWork"; expected "UnitOfWork"  [arg-type]
shell\tests\e2e\cli\test_tasker_full_graph.py:290: note: Following member(s) of "InMemoryUnitOfWork" have conflicts:
shell\tests\e2e\cli\test_tasker_full_graph.py:290: note:     Expected:
shell\tests\e2e\cli\test_tasker_full_graph.py:290: note:         def __aexit__(self, *args: object) -> Coroutine[Any, Any, None]
shell\tests\e2e\cli\test_tasker_full_graph.py:290: note:     Got:
shell\tests\e2e\cli\test_tasker_full_graph.py:290: note:         def __aexit__(self, exc_type: object, *args: object) -> Coroutine[Any, Any, None]
shell\tests\e2e\cli\test_tasker_full_graph.py:290: note:     envelope_archive: expected "EnvelopeArchive", got "InMemoryEnvelopeArchive"
shell\tests\e2e\cli\test_tasker_full_graph.py:290: note:     <9 more conflict(s) not shown>
shell\tests\e2e\cli\test_tasker_full_graph.py:306: error: Argument "uow" to "RunTaskerWorkflowHandler" has incompatible type "InMemoryUnitOfWork"; expected "UnitOfWork"  [arg-type]
shell\tests\e2e\cli\test_tasker_full_graph.py:306: note: Following member(s) of "InMemoryUnitOfWork" have conflicts:
shell\tests\e2e\cli\test_tasker_full_graph.py:306: note:     Expected:
shell\tests\e2e\cli\test_tasker_full_graph.py:306: note:         def __aexit__(self, *args: object) -> Coroutine[Any, Any, None]
shell\tests\e2e\cli\test_tasker_full_graph.py:306: note:     Got:
shell\tests\e2e\cli\test_tasker_full_graph.py:306: note:         def __aexit__(self, exc_type: object, *args: object) -> Coroutine[Any, Any, None]
shell\tests\e2e\cli\test_tasker_full_graph.py:306: note:     envelope_archive: expected "EnvelopeArchive", got "InMemoryEnvelopeArchive"
shell\tests\e2e\cli\test_tasker_full_graph.py:306: note:     <9 more conflict(s) not shown>
shell\infrastructure\persistence\sql\repositories\__init__.py:220: error: "Result[Any]" has no attribute "rowcount"  [attr-defined]
shell\infrastructure\persistence\sql\repositories\__init__.py:536: error: Missing positional argument "template_graph_id" in call to "template_graph_node_entity_to_model"  [call-arg]
shell\tests\integration\sql_sqlite\test_sql_sqlite.py:105: error: Argument 1 to "ImportTaskHandler" has incompatible type "SqlAlchemyUnitOfWork"; expected "UnitOfWork"  [arg-type]
shell\tests\integration\sql_sqlite\test_sql_sqlite.py:105: note: Following member(s) of "SqlAlchemyUnitOfWork" have conflicts:
shell\tests\integration\sql_sqlite\test_sql_sqlite.py:105: note:     Expected:
shell\tests\integration\sql_sqlite\test_sql_sqlite.py:105: note:         def __aexit__(self, *args: object) -> Coroutine[Any, Any, None]
shell\tests\integration\sql_sqlite\test_sql_sqlite.py:105: note:     Got:
shell\tests\integration\sql_sqlite\test_sql_sqlite.py:105: note:         def __aexit__(self, exc_type: object, *args: object) -> Coroutine[Any, Any, None]
shell\tests\integration\sql_sqlite\test_sql_sqlite.py:105: note:     envelope_archive: expected "EnvelopeArchive", got "SqlEnvelopeArchiveStub"
shell\tests\integration\sql_sqlite\test_sql_sqlite.py:105: note:     <9 more conflict(s) not shown>
shell\tests\integration\sql_sqlite\test_sql_sqlite.py:123: error: Argument 1 to "ImportTaskHandler" has incompatible type "SqlAlchemyUnitOfWork"; expected "UnitOfWork"  [arg-type]
shell\tests\integration\sql_sqlite\test_sql_sqlite.py:123: note: Following member(s) of "SqlAlchemyUnitOfWork" have conflicts:
shell\tests\integration\sql_sqlite\test_sql_sqlite.py:123: note:     Expected:
shell\tests\integration\sql_sqlite\test_sql_sqlite.py:123: note:         def __aexit__(self, *args: object) -> Coroutine[Any, Any, None]
shell\tests\integration\sql_sqlite\test_sql_sqlite.py:123: note:     Got:
shell\tests\integration\sql_sqlite\test_sql_sqlite.py:123: note:         def __aexit__(self, exc_type: object, *args: object) -> Coroutine[Any, Any, None]
shell\tests\integration\sql_sqlite\test_sql_sqlite.py:123: note:     envelope_archive: expected "EnvelopeArchive", got "SqlEnvelopeArchiveStub"
shell\tests\integration\sql_sqlite\test_sql_sqlite.py:123: note:     <9 more conflict(s) not shown>
shell\tests\integration\sql_sqlite\test_sql_sqlite.py:148: error: Argument 1 to "ImportTaskHandler" has incompatible type "SqlAlchemyUnitOfWork"; expected "UnitOfWork"  [arg-type]
shell\tests\integration\sql_sqlite\test_sql_sqlite.py:148: note: Following member(s) of "SqlAlchemyUnitOfWork" have conflicts:
shell\tests\integration\sql_sqlite\test_sql_sqlite.py:148: note:     Expected:
shell\tests\integration\sql_sqlite\test_sql_sqlite.py:148: note:         def __aexit__(self, *args: object) -> Coroutine[Any, Any, None]
shell\tests\integration\sql_sqlite\test_sql_sqlite.py:148: note:     Got:
shell\tests\integration\sql_sqlite\test_sql_sqlite.py:148: note:         def __aexit__(self, exc_type: object, *args: object) -> Coroutine[Any, Any, None]
shell\tests\integration\sql_sqlite\test_sql_sqlite.py:148: note:     envelope_archive: expected "EnvelopeArchive", got "SqlEnvelopeArchiveStub"
shell\tests\integration\sql_sqlite\test_sql_sqlite.py:148: note:     <9 more conflict(s) not shown>
shell\tests\integration\sql_sqlite\test_sql_sqlite.py:179: error: Argument 1 to "StartWorkflowHandler" has incompatible type "SqlAlchemyUnitOfWork"; expected "UnitOfWork"  [arg-type]
shell\tests\integration\sql_sqlite\test_sql_sqlite.py:179: note: Following member(s) of "SqlAlchemyUnitOfWork" have conflicts:
shell\tests\integration\sql_sqlite\test_sql_sqlite.py:179: note:     Expected:
shell\tests\integration\sql_sqlite\test_sql_sqlite.py:179: note:         def __aexit__(self, *args: object) -> Coroutine[Any, Any, None]
shell\tests\integration\sql_sqlite\test_sql_sqlite.py:179: note:     Got:
shell\tests\integration\sql_sqlite\test_sql_sqlite.py:179: note:         def __aexit__(self, exc_type: object, *args: object) -> Coroutine[Any, Any, None]
shell\tests\integration\sql_sqlite\test_sql_sqlite.py:179: note:     envelope_archive: expected "EnvelopeArchive", got "SqlEnvelopeArchiveStub"
shell\tests\integration\sql_sqlite\test_sql_sqlite.py:179: note:     <9 more conflict(s) not shown>
shell\tests\integration\sql_sqlite\test_sql_sqlite.py:210: error: Argument 1 to "SavePromptHandler" has incompatible type "SqlAlchemyUnitOfWork"; expected "UnitOfWork"  [arg-type]
shell\tests\integration\sql_sqlite\test_sql_sqlite.py:210: note: Following member(s) of "SqlAlchemyUnitOfWork" have conflicts:
shell\tests\integration\sql_sqlite\test_sql_sqlite.py:210: note:     Expected:
shell\tests\integration\sql_sqlite\test_sql_sqlite.py:210: note:         def __aexit__(self, *args: object) -> Coroutine[Any, Any, None]
shell\tests\integration\sql_sqlite\test_sql_sqlite.py:210: note:     Got:
shell\tests\integration\sql_sqlite\test_sql_sqlite.py:210: note:         def __aexit__(self, exc_type: object, *args: object) -> Coroutine[Any, Any, None]
shell\tests\integration\sql_sqlite\test_sql_sqlite.py:210: note:     envelope_archive: expected "EnvelopeArchive", got "SqlEnvelopeArchiveStub"
shell\tests\integration\sql_sqlite\test_sql_sqlite.py:210: note:     <9 more conflict(s) not shown>
shell\tests\integration\sql_sqlite\test_sql_sqlite.py:250: error: Argument 1 to "SaveNodeResultHandler" has incompatible type "SqlAlchemyUnitOfWork"; expected "UnitOfWork"  [arg-type]
shell\tests\integration\sql_sqlite\test_sql_sqlite.py:250: note: Following member(s) of "SqlAlchemyUnitOfWork" have conflicts:
shell\tests\integration\sql_sqlite\test_sql_sqlite.py:250: note:     Expected:
shell\tests\integration\sql_sqlite\test_sql_sqlite.py:250: note:         def __aexit__(self, *args: object) -> Coroutine[Any, Any, None]
shell\tests\integration\sql_sqlite\test_sql_sqlite.py:250: note:     Got:
shell\tests\integration\sql_sqlite\test_sql_sqlite.py:250: note:         def __aexit__(self, exc_type: object, *args: object) -> Coroutine[Any, Any, None]
shell\tests\integration\sql_sqlite\test_sql_sqlite.py:250: note:     envelope_archive: expected "EnvelopeArchive", got "SqlEnvelopeArchiveStub"
shell\tests\integration\sql_sqlite\test_sql_sqlite.py:250: note:     <9 more conflict(s) not shown>
shell\tests\integration\sql_sqlite\test_sql_sqlite.py:325: error: Argument 1 to "IndexDocumentHandler" has incompatible type "SqlAlchemyUnitOfWork"; expected "UnitOfWork"  [arg-type]
shell\tests\integration\sql_sqlite\test_sql_sqlite.py:325: note: Following member(s) of "SqlAlchemyUnitOfWork" have conflicts:
shell\tests\integration\sql_sqlite\test_sql_sqlite.py:325: note:     Expected:
shell\tests\integration\sql_sqlite\test_sql_sqlite.py:325: note:         def __aexit__(self, *args: object) -> Coroutine[Any, Any, None]
shell\tests\integration\sql_sqlite\test_sql_sqlite.py:325: note:     Got:
shell\tests\integration\sql_sqlite\test_sql_sqlite.py:325: note:         def __aexit__(self, exc_type: object, *args: object) -> Coroutine[Any, Any, None]
shell\tests\integration\sql_sqlite\test_sql_sqlite.py:325: note:     envelope_archive: expected "EnvelopeArchive", got "SqlEnvelopeArchiveStub"
shell\tests\integration\sql_sqlite\test_sql_sqlite.py:325: note:     <9 more conflict(s) not shown>
shell\tests\integration\sql_sqlite\test_sql_sqlite.py:349: error: Argument 1 to "IndexDocumentHandler" has incompatible type "SqlAlchemyUnitOfWork"; expected "UnitOfWork"  [arg-type]
shell\tests\integration\sql_sqlite\test_sql_sqlite.py:349: note: Following member(s) of "SqlAlchemyUnitOfWork" have conflicts:
shell\tests\integration\sql_sqlite\test_sql_sqlite.py:349: note:     Expected:
shell\tests\integration\sql_sqlite\test_sql_sqlite.py:349: note:         def __aexit__(self, *args: object) -> Coroutine[Any, Any, None]
shell\tests\integration\sql_sqlite\test_sql_sqlite.py:349: note:     Got:
shell\tests\integration\sql_sqlite\test_sql_sqlite.py:349: note:         def __aexit__(self, exc_type: object, *args: object) -> Coroutine[Any, Any, None]
shell\tests\integration\sql_sqlite\test_sql_sqlite.py:349: note:     envelope_archive: expected "EnvelopeArchive", got "SqlEnvelopeArchiveStub"
shell\tests\integration\sql_sqlite\test_sql_sqlite.py:349: note:     <9 more conflict(s) not shown>
shell\tests\integration\sql_sqlite\test_sql_sqlite.py:379: error: Argument 1 to "OpenSessionHandler" has incompatible type "SqlAlchemyUnitOfWork"; expected "UnitOfWork"  [arg-type]
shell\tests\integration\sql_sqlite\test_sql_sqlite.py:379: note: Following member(s) of "SqlAlchemyUnitOfWork" have conflicts:
shell\tests\integration\sql_sqlite\test_sql_sqlite.py:379: note:     Expected:
shell\tests\integration\sql_sqlite\test_sql_sqlite.py:379: note:         def __aexit__(self, *args: object) -> Coroutine[Any, Any, None]
shell\tests\integration\sql_sqlite\test_sql_sqlite.py:379: note:     Got:
shell\tests\integration\sql_sqlite\test_sql_sqlite.py:379: note:         def __aexit__(self, exc_type: object, *args: object) -> Coroutine[Any, Any, None]
shell\tests\integration\sql_sqlite\test_sql_sqlite.py:379: note:     envelope_archive: expected "EnvelopeArchive", got "SqlEnvelopeArchiveStub"
shell\tests\integration\sql_sqlite\test_sql_sqlite.py:379: note:     <9 more conflict(s) not shown>
shell\tests\integration\sql_sqlite\test_sql_sqlite.py:382: error: Argument 1 to "AppendMessageHandler" has incompatible type "SqlAlchemyUnitOfWork"; expected "UnitOfWork"  [arg-type]
shell\tests\integration\sql_sqlite\test_sql_sqlite.py:382: note: Following member(s) of "SqlAlchemyUnitOfWork" have conflicts:
shell\tests\integration\sql_sqlite\test_sql_sqlite.py:382: note:     Expected:
shell\tests\integration\sql_sqlite\test_sql_sqlite.py:382: note:         def __aexit__(self, *args: object) -> Coroutine[Any, Any, None]
shell\tests\integration\sql_sqlite\test_sql_sqlite.py:382: note:     Got:
shell\tests\integration\sql_sqlite\test_sql_sqlite.py:382: note:         def __aexit__(self, exc_type: object, *args: object) -> Coroutine[Any, Any, None]
shell\tests\integration\sql_sqlite\test_sql_sqlite.py:382: note:     envelope_archive: expected "EnvelopeArchive", got "SqlEnvelopeArchiveStub"
shell\tests\integration\sql_sqlite\test_sql_sqlite.py:382: note:     <9 more conflict(s) not shown>
shell\tests\integration\sql_sqlite\test_sql_sqlite.py:385: error: Argument 1 to "AppendMessageHandler" has incompatible type "SqlAlchemyUnitOfWork"; expected "UnitOfWork"  [arg-type]
shell\tests\integration\sql_sqlite\test_sql_sqlite.py:385: note: Following member(s) of "SqlAlchemyUnitOfWork" have conflicts:
shell\tests\integration\sql_sqlite\test_sql_sqlite.py:385: note:     Expected:
shell\tests\integration\sql_sqlite\test_sql_sqlite.py:385: note:         def __aexit__(self, *args: object) -> Coroutine[Any, Any, None]
shell\tests\integration\sql_sqlite\test_sql_sqlite.py:385: note:     Got:
shell\tests\integration\sql_sqlite\test_sql_sqlite.py:385: note:         def __aexit__(self, exc_type: object, *args: object) -> Coroutine[Any, Any, None]
shell\tests\integration\sql_sqlite\test_sql_sqlite.py:385: note:     envelope_archive: expected "EnvelopeArchive", got "SqlEnvelopeArchiveStub"
shell\tests\integration\sql_sqlite\test_sql_sqlite.py:385: note:     <9 more conflict(s) not shown>
shell\tests\integration\sql_sqlite\test_sql_sqlite.py:388: error: Argument 1 to "CloseSessionHandler" has incompatible type "SqlAlchemyUnitOfWork"; expected "UnitOfWork"  [arg-type]
shell\tests\integration\sql_sqlite\test_sql_sqlite.py:388: note: Following member(s) of "SqlAlchemyUnitOfWork" have conflicts:
shell\tests\integration\sql_sqlite\test_sql_sqlite.py:388: note:     Expected:
shell\tests\integration\sql_sqlite\test_sql_sqlite.py:388: note:         def __aexit__(self, *args: object) -> Coroutine[Any, Any, None]
shell\tests\integration\sql_sqlite\test_sql_sqlite.py:388: note:     Got:
shell\tests\integration\sql_sqlite\test_sql_sqlite.py:388: note:         def __aexit__(self, exc_type: object, *args: object) -> Coroutine[Any, Any, None]
shell\tests\integration\sql_sqlite\test_sql_sqlite.py:388: note:     envelope_archive: expected "EnvelopeArchive", got "SqlEnvelopeArchiveStub"
shell\tests\integration\sql_sqlite\test_sql_sqlite.py:388: note:     <9 more conflict(s) not shown>
shell\tests\integration\sql_sqlite\test_sql_sqlite.py:467: error: Argument 1 to "publish" of "SqlOutboxPublisher" has incompatible type "list[TaskCreated]"; expected "list[DomainEvent]"  [arg-type]
shell\tests\integration\sql_sqlite\test_sql_sqlite.py:467: note: "list" is invariant -- see https://mypy.readthedocs.io/en/stable/common_issues.html#variance
shell\tests\integration\sql_sqlite\test_sql_sqlite.py:467: note: Consider using "Sequence" instead, which is covariant
shell\tests\integration\sql_sqlite\test_sql_sqlite.py:524: error: Need type annotation for "r"  [var-annotated]
shell\tests\integration\sql_sqlite\test_sql_sqlite.py:571: error: Argument 1 to "ImportTaskHandler" has incompatible type "SqlAlchemyUnitOfWork"; expected "UnitOfWork"  [arg-type]
shell\tests\integration\sql_sqlite\test_sql_sqlite.py:571: note: Following member(s) of "SqlAlchemyUnitOfWork" have conflicts:
shell\tests\integration\sql_sqlite\test_sql_sqlite.py:571: note:     Expected:
shell\tests\integration\sql_sqlite\test_sql_sqlite.py:571: note:         def __aexit__(self, *args: object) -> Coroutine[Any, Any, None]
shell\tests\integration\sql_sqlite\test_sql_sqlite.py:571: note:     Got:
shell\tests\integration\sql_sqlite\test_sql_sqlite.py:571: note:         def __aexit__(self, exc_type: object, *args: object) -> Coroutine[Any, Any, None]
shell\tests\integration\sql_sqlite\test_sql_sqlite.py:571: note:     envelope_archive: expected "EnvelopeArchive", got "SqlEnvelopeArchiveStub"
shell\tests\integration\sql_sqlite\test_sql_sqlite.py:571: note:     <9 more conflict(s) not shown>
shell\tests\integration\sql_sqlite\__init__.py:132: error: Argument 1 to "ImportTaskHandler" has incompatible type "SqlAlchemyUnitOfWork"; expected "UnitOfWork"  [arg-type]
shell\tests\integration\sql_sqlite\__init__.py:132: note: Following member(s) of "SqlAlchemyUnitOfWork" have conflicts:
shell\tests\integration\sql_sqlite\__init__.py:132: note:     Expected:
shell\tests\integration\sql_sqlite\__init__.py:132: note:         def __aexit__(self, *args: object) -> Coroutine[Any, Any, None]
shell\tests\integration\sql_sqlite\__init__.py:132: note:     Got:
shell\tests\integration\sql_sqlite\__init__.py:132: note:         def __aexit__(self, exc_type: object, *args: object) -> Coroutine[Any, Any, None]
shell\tests\integration\sql_sqlite\__init__.py:132: note:     envelope_archive: expected "EnvelopeArchive", got "SqlEnvelopeArchiveStub"
shell\tests\integration\sql_sqlite\__init__.py:132: note:     <9 more conflict(s) not shown>
shell\tests\integration\sql_sqlite\__init__.py:150: error: Argument 1 to "ImportTaskHandler" has incompatible type "SqlAlchemyUnitOfWork"; expected "UnitOfWork"  [arg-type]
shell\tests\integration\sql_sqlite\__init__.py:150: note: Following member(s) of "SqlAlchemyUnitOfWork" have conflicts:
shell\tests\integration\sql_sqlite\__init__.py:150: note:     Expected:
shell\tests\integration\sql_sqlite\__init__.py:150: note:         def __aexit__(self, *args: object) -> Coroutine[Any, Any, None]
shell\tests\integration\sql_sqlite\__init__.py:150: note:     Got:
shell\tests\integration\sql_sqlite\__init__.py:150: note:         def __aexit__(self, exc_type: object, *args: object) -> Coroutine[Any, Any, None]
shell\tests\integration\sql_sqlite\__init__.py:150: note:     envelope_archive: expected "EnvelopeArchive", got "SqlEnvelopeArchiveStub"
shell\tests\integration\sql_sqlite\__init__.py:150: note:     <9 more conflict(s) not shown>
shell\tests\integration\sql_sqlite\__init__.py:170: error: Argument 1 to "ImportTaskHandler" has incompatible type "SqlAlchemyUnitOfWork"; expected "UnitOfWork"  [arg-type]
shell\tests\integration\sql_sqlite\__init__.py:170: note: Following member(s) of "SqlAlchemyUnitOfWork" have conflicts:
shell\tests\integration\sql_sqlite\__init__.py:170: note:     Expected:
shell\tests\integration\sql_sqlite\__init__.py:170: note:         def __aexit__(self, *args: object) -> Coroutine[Any, Any, None]
shell\tests\integration\sql_sqlite\__init__.py:170: note:     Got:
shell\tests\integration\sql_sqlite\__init__.py:170: note:         def __aexit__(self, exc_type: object, *args: object) -> Coroutine[Any, Any, None]
shell\tests\integration\sql_sqlite\__init__.py:170: note:     envelope_archive: expected "EnvelopeArchive", got "SqlEnvelopeArchiveStub"
shell\tests\integration\sql_sqlite\__init__.py:170: note:     <9 more conflict(s) not shown>
shell\tests\integration\sql_sqlite\__init__.py:173: error: Argument 1 to "StartWorkflowHandler" has incompatible type "SqlAlchemyUnitOfWork"; expected "UnitOfWork"  [arg-type]
shell\tests\integration\sql_sqlite\__init__.py:173: note: Following member(s) of "SqlAlchemyUnitOfWork" have conflicts:
shell\tests\integration\sql_sqlite\__init__.py:173: note:     Expected:
shell\tests\integration\sql_sqlite\__init__.py:173: note:         def __aexit__(self, *args: object) -> Coroutine[Any, Any, None]
shell\tests\integration\sql_sqlite\__init__.py:173: note:     Got:
shell\tests\integration\sql_sqlite\__init__.py:173: note:         def __aexit__(self, exc_type: object, *args: object) -> Coroutine[Any, Any, None]
shell\tests\integration\sql_sqlite\__init__.py:173: note:     envelope_archive: expected "EnvelopeArchive", got "SqlEnvelopeArchiveStub"
shell\tests\integration\sql_sqlite\__init__.py:173: note:     <9 more conflict(s) not shown>
shell\tests\integration\sql_sqlite\__init__.py:191: error: Argument 1 to "SavePromptHandler" has incompatible type "SqlAlchemyUnitOfWork"; expected "UnitOfWork"  [arg-type]
shell\tests\integration\sql_sqlite\__init__.py:191: note: Following member(s) of "SqlAlchemyUnitOfWork" have conflicts:
shell\tests\integration\sql_sqlite\__init__.py:191: note:     Expected:
shell\tests\integration\sql_sqlite\__init__.py:191: note:         def __aexit__(self, *args: object) -> Coroutine[Any, Any, None]
shell\tests\integration\sql_sqlite\__init__.py:191: note:     Got:
shell\tests\integration\sql_sqlite\__init__.py:191: note:         def __aexit__(self, exc_type: object, *args: object) -> Coroutine[Any, Any, None]
shell\tests\integration\sql_sqlite\__init__.py:191: note:     envelope_archive: expected "EnvelopeArchive", got "SqlEnvelopeArchiveStub"
shell\tests\integration\sql_sqlite\__init__.py:191: note:     <9 more conflict(s) not shown>
shell\tests\integration\sql_sqlite\__init__.py:217: error: Argument 1 to "SaveNodeResultHandler" has incompatible type "SqlAlchemyUnitOfWork"; expected "UnitOfWork"  [arg-type]
shell\tests\integration\sql_sqlite\__init__.py:217: note: Following member(s) of "SqlAlchemyUnitOfWork" have conflicts:
shell\tests\integration\sql_sqlite\__init__.py:217: note:     Expected:
shell\tests\integration\sql_sqlite\__init__.py:217: note:         def __aexit__(self, *args: object) -> Coroutine[Any, Any, None]
shell\tests\integration\sql_sqlite\__init__.py:217: note:     Got:
shell\tests\integration\sql_sqlite\__init__.py:217: note:         def __aexit__(self, exc_type: object, *args: object) -> Coroutine[Any, Any, None]
shell\tests\integration\sql_sqlite\__init__.py:217: note:     envelope_archive: expected "EnvelopeArchive", got "SqlEnvelopeArchiveStub"
shell\tests\integration\sql_sqlite\__init__.py:217: note:     <9 more conflict(s) not shown>
shell\tests\integration\sql_postgres\test_sql_postgres.py:117: error: Argument 1 to "ImportTaskHandler" has incompatible type "SqlAlchemyUnitOfWork"; expected "UnitOfWork"  [arg-type]
shell\tests\integration\sql_postgres\test_sql_postgres.py:117: note: Following member(s) of "SqlAlchemyUnitOfWork" have conflicts:
shell\tests\integration\sql_postgres\test_sql_postgres.py:117: note:     Expected:
shell\tests\integration\sql_postgres\test_sql_postgres.py:117: note:         def __aexit__(self, *args: object) -> Coroutine[Any, Any, None]
shell\tests\integration\sql_postgres\test_sql_postgres.py:117: note:     Got:
shell\tests\integration\sql_postgres\test_sql_postgres.py:117: note:         def __aexit__(self, exc_type: object, *args: object) -> Coroutine[Any, Any, None]
shell\tests\integration\sql_postgres\test_sql_postgres.py:117: note:     envelope_archive: expected "EnvelopeArchive", got "SqlEnvelopeArchiveStub"
shell\tests\integration\sql_postgres\test_sql_postgres.py:117: note:     <9 more conflict(s) not shown>
shell\tests\integration\sql_postgres\test_sql_postgres.py:120: error: Argument 1 to "SqlQueryServices" has incompatible type "FixtureFunctionDefinition"; expected "async_sessionmaker[AsyncSession]"  [arg-type]
shell\tests\integration\sql_postgres\test_sql_postgres.py:134: error: Argument 1 to "ImportTaskHandler" has incompatible type "SqlAlchemyUnitOfWork"; expected "UnitOfWork"  [arg-type]
shell\tests\integration\sql_postgres\test_sql_postgres.py:134: note: Following member(s) of "SqlAlchemyUnitOfWork" have conflicts:
shell\tests\integration\sql_postgres\test_sql_postgres.py:134: note:     Expected:
shell\tests\integration\sql_postgres\test_sql_postgres.py:134: note:         def __aexit__(self, *args: object) -> Coroutine[Any, Any, None]
shell\tests\integration\sql_postgres\test_sql_postgres.py:134: note:     Got:
shell\tests\integration\sql_postgres\test_sql_postgres.py:134: note:         def __aexit__(self, exc_type: object, *args: object) -> Coroutine[Any, Any, None]
shell\tests\integration\sql_postgres\test_sql_postgres.py:134: note:     envelope_archive: expected "EnvelopeArchive", got "SqlEnvelopeArchiveStub"
shell\tests\integration\sql_postgres\test_sql_postgres.py:134: note:     <9 more conflict(s) not shown>
shell\tests\integration\sql_postgres\test_sql_postgres.py:138: error: Argument 1 to "SqlQueryServices" has incompatible type "FixtureFunctionDefinition"; expected "async_sessionmaker[AsyncSession]"  [arg-type]
shell\tests\integration\sql_postgres\test_sql_postgres.py:158: error: Argument 1 to "ImportTaskHandler" has incompatible type "SqlAlchemyUnitOfWork"; expected "UnitOfWork"  [arg-type]
shell\tests\integration\sql_postgres\test_sql_postgres.py:158: note: Following member(s) of "SqlAlchemyUnitOfWork" have conflicts:
shell\tests\integration\sql_postgres\test_sql_postgres.py:158: note:     Expected:
shell\tests\integration\sql_postgres\test_sql_postgres.py:158: note:         def __aexit__(self, *args: object) -> Coroutine[Any, Any, None]
shell\tests\integration\sql_postgres\test_sql_postgres.py:158: note:     Got:
shell\tests\integration\sql_postgres\test_sql_postgres.py:158: note:         def __aexit__(self, exc_type: object, *args: object) -> Coroutine[Any, Any, None]
shell\tests\integration\sql_postgres\test_sql_postgres.py:158: note:     envelope_archive: expected "EnvelopeArchive", got "SqlEnvelopeArchiveStub"
shell\tests\integration\sql_postgres\test_sql_postgres.py:158: note:     <9 more conflict(s) not shown>
shell\tests\integration\sql_postgres\test_sql_postgres.py:161: error: Argument 1 to "StartWorkflowHandler" has incompatible type "SqlAlchemyUnitOfWork"; expected "UnitOfWork"  [arg-type]
shell\tests\integration\sql_postgres\test_sql_postgres.py:161: note: Following member(s) of "SqlAlchemyUnitOfWork" have conflicts:
shell\tests\integration\sql_postgres\test_sql_postgres.py:161: note:     Expected:
shell\tests\integration\sql_postgres\test_sql_postgres.py:161: note:         def __aexit__(self, *args: object) -> Coroutine[Any, Any, None]
shell\tests\integration\sql_postgres\test_sql_postgres.py:161: note:     Got:
shell\tests\integration\sql_postgres\test_sql_postgres.py:161: note:         def __aexit__(self, exc_type: object, *args: object) -> Coroutine[Any, Any, None]
shell\tests\integration\sql_postgres\test_sql_postgres.py:161: note:     envelope_archive: expected "EnvelopeArchive", got "SqlEnvelopeArchiveStub"
shell\tests\integration\sql_postgres\test_sql_postgres.py:161: note:     <9 more conflict(s) not shown>
shell\tests\integration\sql_postgres\test_sql_postgres.py:164: error: Argument 1 to "SqlQueryServices" has incompatible type "FixtureFunctionDefinition"; expected "async_sessionmaker[AsyncSession]"  [arg-type]
shell\tests\integration\sql_postgres\test_sql_postgres.py:174: error: Argument 1 to "SqlQueryServices" has incompatible type "FixtureFunctionDefinition"; expected "async_sessionmaker[AsyncSession]"  [arg-type]
shell\tests\integration\sql_postgres\test_sql_postgres.py:191: error: Argument 1 to "SavePromptHandler" has incompatible type "SqlAlchemyUnitOfWork"; expected "UnitOfWork"  [arg-type]
shell\tests\integration\sql_postgres\test_sql_postgres.py:191: note: Following member(s) of "SqlAlchemyUnitOfWork" have conflicts:
shell\tests\integration\sql_postgres\test_sql_postgres.py:191: note:     Expected:
shell\tests\integration\sql_postgres\test_sql_postgres.py:191: note:         def __aexit__(self, *args: object) -> Coroutine[Any, Any, None]
shell\tests\integration\sql_postgres\test_sql_postgres.py:191: note:     Got:
shell\tests\integration\sql_postgres\test_sql_postgres.py:191: note:         def __aexit__(self, exc_type: object, *args: object) -> Coroutine[Any, Any, None]
shell\tests\integration\sql_postgres\test_sql_postgres.py:191: note:     envelope_archive: expected "EnvelopeArchive", got "SqlEnvelopeArchiveStub"
shell\tests\integration\sql_postgres\test_sql_postgres.py:191: note:     <9 more conflict(s) not shown>
shell\tests\integration\sql_postgres\test_sql_postgres.py:194: error: Argument 1 to "SqlQueryServices" has incompatible type "FixtureFunctionDefinition"; expected "async_sessionmaker[AsyncSession]"  [arg-type]
shell\tests\integration\sql_postgres\test_sql_postgres.py:203: error: Argument 1 to "SqlQueryServices" has incompatible type "FixtureFunctionDefinition"; expected "async_sessionmaker[AsyncSession]"  [arg-type]
shell\tests\integration\sql_postgres\test_sql_postgres.py:221: error: Argument 1 to "SaveNodeResultHandler" has incompatible type "SqlAlchemyUnitOfWork"; expected "UnitOfWork"  [arg-type]
shell\tests\integration\sql_postgres\test_sql_postgres.py:221: note: Following member(s) of "SqlAlchemyUnitOfWork" have conflicts:
shell\tests\integration\sql_postgres\test_sql_postgres.py:221: note:     Expected:
shell\tests\integration\sql_postgres\test_sql_postgres.py:221: note:         def __aexit__(self, *args: object) -> Coroutine[Any, Any, None]
shell\tests\integration\sql_postgres\test_sql_postgres.py:221: note:     Got:
shell\tests\integration\sql_postgres\test_sql_postgres.py:221: note:         def __aexit__(self, exc_type: object, *args: object) -> Coroutine[Any, Any, None]
shell\tests\integration\sql_postgres\test_sql_postgres.py:221: note:     envelope_archive: expected "EnvelopeArchive", got "SqlEnvelopeArchiveStub"
shell\tests\integration\sql_postgres\test_sql_postgres.py:221: note:     <9 more conflict(s) not shown>
shell\tests\integration\sql_postgres\test_sql_postgres.py:231: error: Argument 1 to "SqlQueryServices" has incompatible type "FixtureFunctionDefinition"; expected "async_sessionmaker[AsyncSession]"  [arg-type]
shell\tests\integration\sql_postgres\test_sql_postgres.py:267: error: Argument 1 to "SqlQueryServices" has incompatible type "FixtureFunctionDefinition"; expected "async_sessionmaker[AsyncSession]"  [arg-type]
shell\infrastructure\persistence\migrations\sql\__init__.py:41: error: Argument 1 to "create_async_engine" has incompatible type "str | None"; expected "str | URL"  [arg-type]
shell\framework\api\routers\workflows.py:40: error: "Provider[Any]" has no attribute "command_bus"  [attr-defined]
shell\framework\api\routers\workflows.py:46: error: "Provider[Any]" has no attribute "query_bus"  [attr-defined]
shell\framework\api\routers\workflows.py:55: error: "Provider[Any]" has no attribute "command_bus"  [attr-defined]
shell\framework\api\routers\tasks.py:34: error: "Provider[Any]" has no attribute "command_bus"  [attr-defined]
shell\framework\api\routers\tasks.py:40: error: "Provider[Any]" has no attribute "query_bus"  [attr-defined]
shell\framework\api\routers\nodes.py:27: error: "Provider[Any]" has no attribute "query_bus"  [attr-defined]
shell\framework\api\routers\envelopes.py:27: error: "Provider[Any]" has no attribute "query_bus"  [attr-defined]
shell\bootstrap\factory\query_factory.py:24: error: "Provider[Any]" has no attribute "query_bus"  [attr-defined]
shell\bootstrap\factory\query_factory.py:25: error: "Provider[Any]" has no attribute "get_task_by_name_handler_factory"  [attr-defined]
shell\bootstrap\factory\query_factory.py:26: error: "Provider[Any]" has no attribute "get_current_task_handler_factory"  [attr-defined]
shell\bootstrap\factory\query_factory.py:27: error: "Provider[Any]" has no attribute "get_workflow_handler_factory"  [attr-defined]
shell\bootstrap\factory\query_factory.py:28: error: "Provider[Any]" has no attribute "get_envelopes_by_workflow_handler_factory"  [attr-defined]
shell\bootstrap\factory\query_factory.py:29: error: "Provider[Any]" has no attribute "get_node_result_handler_factory"  [attr-defined]
shell\bootstrap\factory\query_factory.py:30: error: "Provider[Any]" has no attribute "get_prompt_handler_factory"  [attr-defined]
shell\bootstrap\factory\query_factory.py:31: error: "Provider[Any]" has no attribute "get_runner_config_handler_factory"  [attr-defined]
shell\bootstrap\factory\query_factory.py:32: error: "Provider[Any]" has no attribute "get_session_history_handler_factory"  [attr-defined]
shell\bootstrap\factory\query_factory.py:33: error: "Provider[Any]" has no attribute "search_similar_handler_factory"  [attr-defined]
shell\bootstrap\factory\event_factory.py:26: error: "Provider[Any]" has no attribute "event_bus"  [attr-defined]
shell\bootstrap\factory\event_factory.py:27: error: "Provider[Any]" has no attribute "archive_on_delivered_handler_factory"  [attr-defined]
shell\bootstrap\factory\event_factory.py:28: error: "Provider[Any]" has no attribute "log_audit_handler_factory"  [attr-defined]
shell\bootstrap\factory\event_factory.py:29: error: "Provider[Any]" has no attribute "log_audit_handler_factory"  [attr-defined]
shell\bootstrap\factory\event_factory.py:30: error: "Provider[Any]" has no attribute "log_audit_handler_factory"  [attr-defined]
shell\bootstrap\factory\event_factory.py:31: error: "Provider[Any]" has no attribute "log_audit_handler_factory"  [attr-defined]
shell\bootstrap\factory\event_factory.py:32: error: "Provider[Any]" has no attribute "log_audit_handler_factory"  [attr-defined]
shell\bootstrap\factory\event_factory.py:33: error: "Provider[Any]" has no attribute "build_graph_on_task_created_factory"  [attr-defined]
shell\bootstrap\factory\event_factory.py:34: error: "Provider[Any]" has no attribute "log_audit_handler_factory"  [attr-defined]
shell\bootstrap\factory\event_factory.py:35: error: "Provider[Any]" has no attribute "log_audit_handler_factory"  [attr-defined]
shell\bootstrap\factory\event_factory.py:36: error: "Provider[Any]" has no attribute "log_audit_handler_factory"  [attr-defined]
shell\bootstrap\factory\event_factory.py:37: error: "Provider[Any]" has no attribute "log_audit_handler_factory"  [attr-defined]
shell\bootstrap\factory\event_factory.py:38: error: "Provider[Any]" has no attribute "log_audit_handler_factory"  [attr-defined]
shell\bootstrap\factory\event_factory.py:39: error: "Provider[Any]" has no attribute "node_execution_worker_factory"  [attr-defined]
shell\bootstrap\factory\command_factory.py:24: error: "Provider[Any]" has no attribute "command_bus"  [attr-defined]
shell\bootstrap\factory\command_factory.py:25: error: "Provider[Any]" has no attribute "import_task_handler_factory"  [attr-defined]
shell\bootstrap\factory\command_factory.py:26: error: "Provider[Any]" has no attribute "start_workflow_handler_factory"  [attr-defined]
shell\bootstrap\factory\command_factory.py:27: error: "Provider[Any]" has no attribute "route_envelopes_handler_factory"  [attr-defined]
shell\bootstrap\factory\command_factory.py:28: error: "Provider[Any]" has no attribute "run_node_handler_factory"  [attr-defined]
shell\bootstrap\factory\command_factory.py:29: error: "Provider[Any]" has no attribute "archive_envelope_handler_factory"  [attr-defined]
shell\bootstrap\factory\command_factory.py:30: error: "Provider[Any]" has no attribute "save_node_result_handler_factory"  [attr-defined]
shell\bootstrap\factory\command_factory.py:31: error: "Provider[Any]" has no attribute "save_prompt_handler_factory"  [attr-defined]
shell\bootstrap\factory\command_factory.py:32: error: "Provider[Any]" has no attribute "bootstrap_runner_config_handler_factory"  [attr-defined]
shell\bootstrap\factory\command_factory.py:33: error: "Provider[Any]" has no attribute "run_tasker_workflow_handler_factory"  [attr-defined]
shell\framework\cli\main.py:57: error: "Provider[Any]" has no attribute "command_bus"  [attr-defined]
shell\framework\cli\main.py:83: error: "Provider[Any]" has no attribute "command_bus"  [attr-defined]
shell\framework\cli\main.py:104: error: "Provider[Any]" has no attribute "command_bus"  [attr-defined]
shell\framework\cli\main.py:132: error: "Provider[Any]" has no attribute "command_bus"  [attr-defined]
shell\bootstrap\cli\command\smoke_command.py:20: error: "Provider[Any]" has no attribute "command_bus"  [attr-defined]
shell\bootstrap\cli\command\smoke_command.py:21: error: "Provider[Any]" has no attribute "query_bus"  [attr-defined]
Found 136 errors in 24 files (checked 242 source files)
